Timeout (0:05:00)!
Thread 0x0000000308007000 (most recent call first):
  File "/Users/vinuri/.pyenv/versions/3.10.11/lib/python3.10/enum.py", line 433 in __getattr__
  File "/Users/vinuri/Projects/landEvolve/qt_env/lib/python3.10/site-packages/landlab/components/lake_fill/lake_fill_barnes.py", line 1241 in _redirect_flowdirs
  File "/Users/vinuri/Projects/landEvolve/qt_env/lib/python3.10/site-packages/landlab/components/lake_fill/lake_fill_barnes.py", line 1830 in run_one_step
  File "/Users/vinuri/Projects/landEvolve/app/engine/components.py", line 757 in run
  File "/Users/vinuri/Projects/landEvolve/app/engine/runner.py", line 295 in run
  File "/Users/vinuri/Projects/landEvolve/app/engine/runner.py", line 481 in run_simulation
  File "/Users/vinuri/Projects/landEvolve/app/services/simulation_service.py", line 91 in run_simulation
  File "/Users/vinuri/Projects/landEvolve/app/controllers/simulation_controller.py", line 13 in run_simulation
  File "/Users/vinuri/Projects/landEvolve/app/ui/workers.py", line 40 in run

Thread 0x00000001f2242c40 (most recent call first):
  File "/Users/vinuri/Projects/landEvolve/main.py", line 115 in main
  File "/Users/vinuri/Projects/landEvolve/main.py", line 118 in <module>
Timeout (0:05:00)!
Thread 0x0000000308007000 (most recent call first):
  File "/Users/vinuri/Projects/landEvolve/qt_env/lib/python3.10/site-packages/landlab/components/lake_fill/lake_fill_barnes.py", line 951 in _fill_to_slant_with_optional_tracking
  File "/Users/vinuri/Projects/landEvolve/qt_env/lib/python3.10/site-packages/landlab/components/lake_fill/lake_fill_barnes.py", line 1820 in run_one_step
  File "/Users/vinuri/Projects/landEvolve/app/engine/components.py", line 757 in run
  File "/Users/vinuri/Projects/landEvolve/app/engine/runner.py", line 295 in run
  File "/Users/vinuri/Projects/landEvolve/app/engine/runner.py", line 481 in run_simulation
  File "/Users/vinuri/Projects/landEvolve/app/services/simulation_service.py", line 91 in run_simulation
  File "/Users/vinuri/Projects/landEvolve/app/controllers/simulation_controller.py", line 13 in run_simulation
  File "/Users/vinuri/Projects/landEvolve/app/ui/workers.py", line 40 in run

Thread 0x00000001f2242c40 (most recent call first):
  File "/Users/vinuri/Projects/landEvolve/main.py", line 115 in main
  File "/Users/vinuri/Projects/landEvolve/main.py", line 118 in <module>
Timeout (0:05:00)!
Thread 0x0000000308007000 (most recent call first):
  File "/Users/vinuri/Projects/landEvolve/qt_env/lib/python3.10/site-packages/landlab/components/flow_accum/flow_accum_bw.py", line 70 in add_to_stack
  File "/Users/vinuri/Projects/landEvolve/qt_env/lib/python3.10/site-packages/landlab/components/flow_accum/flow_accum_bw.py", line 203 in make_ordered_node_array
  File "/Users/vinuri/Projects/landEvolve/qt_env/lib/python3.10/site-packages/landlab/components/flow_accum/flow_accumulator.py", line 1194 in accumulate_flow
  File "/Users/vinuri/Projects/landEvolve/qt_env/lib/python3.10/site-packages/landlab/components/flow_accum/flow_accumulator.py", line 1267 in run_one_step
  File "/Users/vinuri/Projects/landEvolve/app/engine/components.py", line 756 in run
  File "/Users/vinuri/Projects/landEvolve/app/engine/runner.py", line 295 in run
  File "/Users/vinuri/Projects/landEvolve/app/engine/runner.py", line 481 in run_simulation
  File "/Users/vinuri/Projects/landEvolve/app/services/simulation_service.py", line 91 in run_simulation
  File "/Users/vinuri/Projects/landEvolve/app/controllers/simulation_controller.py", line 13 in run_simulation
  File "/Users/vinuri/Projects/landEvolve/app/ui/workers.py", line 40 in run

Thread 0x00000001f2242c40 (most recent call first):
  File "/Users/vinuri/Projects/landEvolve/main.py", line 115 in main
  File "/Users/vinuri/Projects/landEvolve/main.py", line 118 in <module>
Timeout (0:05:00)!
Thread 0x0000000308007000 (most recent call first):
  File "/Users/vinuri/Projects/landEvolve/qt_env/lib/python3.10/site-packages/landlab/grid/decorators.py", line 88 in _wrapped
  File "/Users/vinuri/Projects/landEvolve/qt_env/lib/python3.10/site-packages/landlab/components/lake_fill/lake_fill_barnes.py", line 1248 in _redirect_flowdirs
  File "/Users/vinuri/Projects/landEvolve/qt_env/lib/python3.10/site-packages/landlab/components/lake_fill/lake_fill_barnes.py", line 1830 in run_one_step
  File "/Users/vinuri/Projects/landEvolve/app/engine/components.py", line 757 in run
  File "/Users/vinuri/Projects/landEvolve/app/engine/runner.py", line 295 in run
  File "/Users/vinuri/Projects/landEvolve/app/engine/runner.py", line 481 in run_simulation
  File "/Users/vinuri/Projects/landEvolve/app/services/simulation_service.py", line 91 in run_simulation
  File "/Users/vinuri/Projects/landEvolve/app/controllers/simulation_controller.py", line 13 in run_simulation
  File "/Users/vinuri/Projects/landEvolve/app/ui/workers.py", line 40 in run

Thread 0x00000001f2242c40 (most recent call first):
  File "/Users/vinuri/Projects/landEvolve/main.py", line 115 in main
  File "/Users/vinuri/Projects/landEvolve/main.py", line 118 in <module>
Timeout (0:05:00)!
Thread 0x0000000308007000 (most recent call first):
  File "/Users/vinuri/Projects/landEvolve/qt_env/lib/python3.10/site-packages/landlab/components/lake_fill/lake_fill_barnes.py", line 1241 in _redirect_flowdirs
  File "/Users/vinuri/Projects/landEvolve/qt_env/lib/python3.10/site-packages/landlab/components/lake_fill/lake_fill_barnes.py", line 1830 in run_one_step
  File "/Users/vinuri/Projects/landEvolve/app/engine/components.py", line 757 in run
  File "/Users/vinuri/Projects/landEvolve/app/engine/runner.py", line 295 in run
  File "/Users/vinuri/Projects/landEvolve/app/engine/runner.py", line 481 in run_simulation
  File "/Users/vinuri/Projects/landEvolve/app/services/simulation_service.py", line 91 in run_simulation
  File "/Users/vinuri/Projects/landEvolve/app/controllers/simulation_controller.py", line 13 in run_simulation
  File "/Users/vinuri/Projects/landEvolve/app/ui/workers.py", line 40 in run

Thread 0x00000001f2242c40 (most recent call first):
  File "/Users/vinuri/Projects/landEvolve/main.py", line 115 in main
  File "/Users/vinuri/Projects/landEvolve/main.py", line 118 in <module>
Timeout (0:05:00)!
Thread 0x0000000308007000 (most recent call first):
  File "/Users/vinuri/Projects/landEvolve/qt_env/lib/python3.10/site-packages/landlab/grid/decorators.py", line 88 in _wrapped
  File "/Users/vinuri/Projects/landEvolve/qt_env/lib/python3.10/site-packages/landlab/components/lake_fill/lake_fill_barnes.py", line 1250 in _redirect_flowdirs
  File "/Users/vinuri/Projects/landEvolve/qt_env/lib/python3.10/site-packages/landlab/components/lake_fill/lake_fill_barnes.py", line 1830 in run_one_step
  File "/Users/vinuri/Projects/landEvolve/app/engine/science_plots.py", line 155 in refresh_drainage
  File "/Users/vinuri/Projects/landEvolve/app/engine/runner.py", line 388 in run
  File "/Users/vinuri/Projects/landEvolve/app/engine/runner.py", line 481 in run_simulation
  File "/Users/vinuri/Projects/landEvolve/app/services/simulation_service.py", line 91 in run_simulation
  File "/Users/vinuri/Projects/landEvolve/app/controllers/simulation_controller.py", line 13 in run_simulation
  File "/Users/vinuri/Projects/landEvolve/app/ui/workers.py", line 40 in run

Thread 0x00000001f2242c40 (most recent call first):
  File "/Users/vinuri/Projects/landEvolve/main.py", line 115 in main
  File "/Users/vinuri/Projects/landEvolve/main.py", line 118 in <module>
Timeout (0:05:00)!
Thread 0x00000001f2242c40 (most recent call first):
  File "/Users/vinuri/Projects/landEvolve/main.py", line 115 in main
  File "/Users/vinuri/Projects/landEvolve/main.py", line 118 in <module>
